2026-09-21 16:22:02 | [INFO   ] | Приложение запущено.
2026-09-21 16:22:02 | [INFO   ] | Запрос валидации. Логин: 'user_test_01', Пароль: [MASKED:72165b0b], Подтверждение: [MASKED:72165b0b]
2026-09-21 16:22:02 | [INFO   ] | Валидация успешно пройдена.
2026-09-21 16:22:02 | [INFO   ] | Запрос валидации. Логин: '+7-999-123-4567', Пароль: [MASKED:de50e09b], Подтверждение: [MASKED:de50e09b]
2026-09-21 16:22:02 | [INFO   ] | Валидация успешно пройдена.
2026-09-21 16:22:02 | [INFO   ] | Запрос валидации. Логин: 'test@example.com', Пароль: [MASKED:12e66ad7], Подтверждение: [MASKED:12e66ad7]
2026-09-21 16:22:02 | [INFO   ] | Валидация успешно пройдена.
2026-09-21 16:22:02 | [INFO   ] | Запрос валидации. Логин: 'valid_login', Пароль: [MASKED:72165b0b], Подтверждение: [MASKED:1444b7cb]
2026-09-21 16:22:02 | [WARNING] | Пароль и подтверждение пароля не совпадают.
2026-09-21 16:22:02 | [INFO   ] | Запрос валидации. Логин: 'valid_login', Пароль: [MASKED:76ec086d], Подтверждение: [MASKED:76ec086d]
2026-09-21 16:22:02 | [WARNING] | Длина пароля должна быть не менее 7 символов.
2026-09-21 16:22:02 | [INFO   ] | Запрос валидации. Логин: 'valid_login', Пароль: [MASKED:a109e369], Подтверждение: [MASKED:a109e369]
2026-09-21 16:22:02 | [WARNING] | Пароль содержит недопустимые символы. Разрешены только кириллица, цифры и спецсимволы.
2026-09-21 16:22:02 | [INFO   ] | Запрос валидации. Логин: 'valid_login', Пароль: [MASKED:2b63173b], Подтверждение: [MASKED:2b63173b]
2026-09-21 16:22:02 | [WARNING] | Пароль должен содержать хотя бы одну заглавную букву кириллицы.
2026-09-21 16:22:02 | [INFO   ] | Запрос валидации. Логин: 'valid_login', Пароль: [MASKED:650e8abc], Подтверждение: [MASKED:650e8abc]
2026-09-21 16:22:02 | [WARNING] | Пароль должен содержать хотя бы одну строчную букву кириллицы.
2026-09-21 16:22:02 | [INFO   ] | Запрос валидации. Логин: 'valid_login', Пароль: [MASKED:b7175b1d], Подтверждение: [MASKED:b7175b1d]
2026-09-21 16:22:02 | [WARNING] | Пароль должен содержать хотя бы одну цифру.
2026-09-21 16:22:02 | [INFO   ] | Запрос валидации. Логин: 'valid_login', Пароль: [MASKED:4664da7b], Подтверждение: [MASKED:4664da7b]
2026-09-21 16:22:02 | [WARNING] | Пароль должен содержать хотя бы один спецсимвол.
2026-09-21 16:22:02 | [INFO   ] | Запрос валидации. Логин: '+7-99-123-4567', Пароль: [MASKED:72165b0b], Подтверждение: [MASKED:72165b0b]
2026-09-21 16:22:02 | [WARNING] | Неверный формат телефона. Ожидаемый формат: +x-xxx-xxx-xxxx.
2026-09-21 16:22:02 | [INFO   ] | Запрос валидации. Логин: 'admin', Пароль: [MASKED:72165b0b], Подтверждение: [MASKED:72165b0b]
2026-09-21 16:22:02 | [WARNING] | Логин 'admin' находится в черном списке.
2026-09-21 16:22:02 | [INFO   ] | Запрос валидации. Логин: 'ab', Пароль: [MASKED:72165b0b], Подтверждение: [MASKED:72165b0b]
2026-09-21 16:22:02 | [WARNING] | Неверный формат логина.
2026-09-21 16:22:02 | [INFO   ] | Приложение завершило работу.
